spec/api/v1/assessments_spec.rb:2.347771000000648
spec/commands/administration/clients/registration_codes/update_spec.rb:1.1192190000001574
spec/commands/agiles/scrub_config_spec.rb:0.16098300000885502
spec/commands/campaigns/update_campaign_status_spec.rb:0.5514949999924283
spec/commands/users/build_sso_url_spec.rb:0.21622800000477582
spec/commands/users/register_spec.rb:1.1508360000007087
spec/controllers/administration/campaigns/user_reports_controller_spec.rb:9.246637999996892
spec/controllers/administration/projects/new_campaigns_controller_spec.rb:0.38904500000353437
spec/core/assessments/export/hogan_spec.rb:0.03594099999463651
spec/core/assessments/export/raw_and_scoring_spec.rb:4.396661999999196
spec/core/assigns/average_scoring_spec.rb:0.4354810000077123
spec/core/assigns/reset_spec.rb:1.7951689999899827
spec/core/assigns_report.rb/generate_report_spec.rb:1.0836830000043847
spec/core/assigns_report.rb/regenerate_report_spec.rb:1.9899489999952493
spec/core/campaign_assessments/remove_spec.rb:1.0395390000048792
spec/core/campaign_reports/bulk_download_spec.rb:1.3092329999926733
spec/core/campaigns/users/create_spec.rb:1.84017200001108
spec/core/clients/copy_client_spec.rb:0.45753300000797026
spec/core/clients/reports/assign_report_form_spec.rb:0.09035800000128802
spec/core/clients/reports/remove_report_spec.rb:0.4607899999973597
spec/core/dimensions/copy_spec.rb:0.6884699999936856
spec/core/hogan/fetch_results_spec.rb:0.46089000000210945
spec/core/licenses/fetch_query_spec.rb:0.3821649999881629
spec/core/licenses/is_used_by_user_spec.rb:0.47713799998746254
spec/core/memberships/prepare_user_to_create_command_spec.rb:0.27668600001197774
spec/core/reports/report_data_export_spec.rb:0.16258899999957066
spec/core/threesixty/campaigns/create_from_assessment_and_report_spec.rb:2.579878999997163
spec/core/threesixty/participants/get_total_evaluations_spec.rb:0.7834920000022976
spec/core/threesixty/participator_by_criteria/by_datasheet_fields_spec.rb:0.971518999998807
spec/core/threesixty/participator_by_criteria/by_evaluator_spec.rb:0.49705099999846425
spec/core/threesixty/participator_by_criteria/filter_spec.rb:0.6084149999951478
spec/core/threesixty/piped_text/branches/date_time_fields/other_spec.rb:0.813970999995945
spec/core/threesixty/piped_text/branches/recipient_fields/meta_spec.rb:0.3957689999951981
spec/core/threesixty/piped_text/branches/subject_smart_text_fields/first_person_reflexive_spec.rb:0.3459949999960372
spec/core/threesixty/piped_text/branches/subject_smart_text_fields/second_person_reflexive_spec.rb:0.3441279999969993
spec/core/threesixty/piped_text/branches/user_fields/field_spec.rb:0.6553569999960018
spec/core/threesixty/subjects/calc_subject_evaluators_counters_spec.rb:0.8609920000017155
spec/core/threesixty/subjects/get_evaluations_received_spec.rb:0.3216449999890756
spec/core/threesixty/subjects/get_evaluators_with_pending_evaluations_spec.rb:0.7470130000001518
spec/core/threesixty/subjects/is_nomination_requirement_complete_spec.rb:0.8107400000008056
spec/core/threesixty/subjects/is_report_available_spec.rb:0.6554660000110744
spec/core/user_reports/generate_pdf_spec.rb:3.4139759999961825
spec/core/users/create_anonym_campaign_user_spec.rb:0.23995000000286382
spec/core/users_results/calculate_agile_scoring_spec.rb:2.141594000000623
spec/core/users_results/default_recoding_values/matrix_table_spec.rb:0.11355899999034591
spec/core/users_results/expand_answers_by_recoding/side_by_side_spec.rb:0.18330299999797717
spec/core/users_results/extend_resource_params_spec.rb:0.6120799999916926
spec/core/users_results/reset_spec.rb:2.2613129999954253
spec/core/users_results/update_user_result/scoring/add_score_spec.rb:0.657149999999092
spec/core/users_results/update_user_result/scoring/extend_spec.rb:0.2017280000000028
spec/core/users_results/update_users_result_spec.rb:2.4225230000010924
spec/features/administration/assessments/actions_spec.rb:12.60361499999999
spec/features/administration/assessments/crud_spec.rb:20.70713299998897
spec/features/administration/clients/licenses/show_spec.rb:0.12899899999320041
spec/jobs/reports/export_job_spec.rb:0.6564760000037495
spec/lib/compressor_spec.rb:2.1063710000016727
spec/lib/exports/reports/bulk_report_export_spec.rb:0.24932999999145977
spec/lib/exports/reports/external_report_export_spec.rb:0.09582899999804795
spec/models/assessment_spec.rb:0.17068100000324193
spec/models/innovation_style_spec.rb:0.29665099999692757
spec/models/license_spec.rb:2.7597530000057304
spec/models/question_spec.rb:0.09885300000314601
spec/models/registration_code_spec.rb:0.9359149999945657
spec/models/threesixty/participant_spec.rb:0.5104879999998957
spec/models/user_report_spec.rb:0.30981800000881776
spec/namespace/forms/communications/simple_spec.rb:3.9160770000016782
spec/namespace/queries/assigns/project_level/by_client_and_assessment_spec.rb:0.7171400000079302
spec/namespace/queries/assigns/sub_project_level/by_client_spec.rb:2.234152000004542
spec/scoring/matrix_table_spec.rb:0.357149000003119
spec/scoring/slider_spec.rb:0.3461070000048494
spec/serializers/report_serializer_spec.rb:0.9207099999912316
spec/api/v1/users_spec.rb:3.113639000002877
spec/commands/administration/clients/registration_codes/create_spec.rb:1.0903280000056839
spec/commands/administration/regenerate_reports_spec.rb:0.4695530000026338
spec/commands/assessments/copy_assessment_spec.rb:3.7440840000053868
spec/commands/reports/copy_report_spec.rb:2.954266999993706
spec/controllers/administration/campaigns/user_assessments_controller_spec.rb:2.4880360000097426
spec/controllers/administration/clients_controller_spec.rb:2.5414460000029067
spec/controllers/end_user/mindmill_user_assessments_controller_spec.rb:2.5287349999998696
spec/controllers/users_controller_spec.rb:0.5926579999941168
spec/core/assigns/generate_report_spec.rb:0.3250240000052145
spec/core/campaign_reports/remove_spec.rb:0.7743959999934305
spec/core/campaign_reports/toggle_user_access_spec.rb:0.9375509999954375
spec/core/campaigns/duplicate_spec.rb:0.15143800000078045
spec/core/campaigns/users/add_report_spec.rb:2.2968049999908544
spec/core/campaigns/users/create_form_spec.rb:1.1677340000023833
spec/core/campaigns/users/import_form_spec.rb:0.6646610000025248
spec/core/clients/assessments/update_assessment_form_spec.rb:0.09309700000449084
spec/core/clients/reports/assign_report_spec.rb:3.6728929999953834
spec/core/datasheets/parse_file_spec.rb:0.4963559999887366
spec/core/licenses/get_stats_spec.rb:0.5732710000011139
spec/core/licenses/use_spec.rb:0.5963400000036927
spec/core/projects/users_query_spec.rb:0.2092149999953108
spec/core/reports/get_translation_with_pipetext_replaced_spec.rb:0.29437899999902584
spec/core/reports/is_generatable_spec.rb:0.8233799999870826
spec/core/threesixty/campaigns/create_empty_campaign_spec.rb:1.1805650000023888
spec/core/threesixty/campaigns/create_spec.rb:0.9821050000027753
spec/core/threesixty/campaigns/reset_spec.rb:1.2569110000040382
spec/core/threesixty/email_templates/load_spec.rb:0.2735030000039842
spec/core/threesixty/emails/merge_multiple_evaluator_schedules_spec.rb:2.761903999999049
spec/core/threesixty/emails/send_reminders_spec.rb:0.3674780000001192
spec/core/threesixty/emails/send_scheduled_emails_spec.rb:0.5867020000005141
spec/core/threesixty/emails/send_single_reminder_spec.rb:0.9446420000022044
spec/core/threesixty/instruction_templates/load_spec.rb:0.21855399999185465
spec/core/threesixty/nested_condition_resolver_spec.rb:0.4180990000022575
spec/core/threesixty/nomination_requirements/find_for_users_spec.rb:4.6261710000108
spec/core/threesixty/option/participant_option_form_spec.rb:0.40903999999864027
spec/core/threesixty/participants/get_report_status_spec.rb:1.7044860000023618
spec/core/threesixty/participator_by_criteria/by_evaluations_spec.rb:0.9612000000051921
spec/core/threesixty/participator_by_criteria/by_manager_tasks_spec.rb:0.5836810000037076
spec/core/threesixty/participator_by_criteria/by_relationship_spec.rb:1.1477650000015274
spec/core/threesixty/participator_by_criteria/by_self_evaluation_spec.rb:0.8553519999986747
spec/core/threesixty/piped_text/branches/answer_fields/file_upload_spec.rb:0.19465299999865238
spec/core/threesixty/piped_text/branches/dashboard_fields/url_spec.rb:0.48267999998643063
spec/core/threesixty/piped_text/branches/date_time_fields/current_spec.rb:0.15496600000187755
spec/core/threesixty/piped_text/branches/recipient_fields/field_spec.rb:0.38288699999975506
spec/core/threesixty/piped_text/branches/subject_fields/field_spec.rb:1.4292889999924228
spec/core/threesixty/piped_text/branches/subject_fields/meta_spec.rb:0.3405979999952251
spec/core/threesixty/subjects/remove_spec.rb:1.0122989999945275
spec/core/users/password_reset_form_spec.rb:0.8808920000010403
spec/core/users/update_spec.rb:0.48502300000109244
spec/core/users_results/default_recoding_values/side_by_side_spec.rb:0.20133199999690987
spec/core/users_results/expand_answers_by_recoding/slider_spec.rb:0.18767700000898913
spec/core/users_results/update_user_result/scoring/add_norm_score_spec.rb:0.32114899999578483
spec/core/users_results/updating_form_spec.rb:0.10861100000329316
spec/features/administration/clients/crud_spec.rb:37.14016199999605
spec/features/administration/dimensions/copy_spec.rb:1.2505000000091968
spec/features/administration/dimensions/disable_spec.rb:2.2001799999998184
spec/features/administration/factors/crud_spec.rb:0.027631000004475936
spec/features/administration/norms/editor_spec.rb:4.571504000006826
spec/helpers/application_helper_spec.rb:0.21849900000961497
spec/jobs/send_two_factor_code_job_spec.rb:0.13545500001055188
spec/lib/exports/assessments/completion_status_export_spec.rb:0.16565699999046046
spec/lib/licenses/create_threesixty_subject_spec.rb:0.3556430000026012
spec/lib/utility/array_spec.rb:0.21215700000175275
spec/models/client_spec.rb:0.8392650000023423
spec/models/communication_spec.rb:4.258650000003399
spec/models/dimension_spec.rb:0.18522200000006706
spec/models/users_result_spec.rb:0.3338159999984782
spec/scoring/side_by_side_spec.rb:0.22351199999684468
spec/serializers/breadcrumb_serializer_spec.rb:0.34370599999965634
spec/serializers/threesixty/evaluator_serializer_spec.rb:0.6658920000045327
spec/api/v1/campaigns_spec.rb:2.9498809999931837
spec/api/v1/reports_spec.rb:5.319392999997945
spec/commands/administration/clients/registration_codes/verification_query_spec.rb:1.1701480000047013
spec/commands/update_assign_spec.rb:2.307685000007041
spec/controllers/administration/campaigns/campaign_assessment_groups_controller_spec.rb:0.9893679999950109
spec/controllers/administration/campaigns/users_controller_spec.rb:2.9777980000071693
spec/core/assessments/export/normed_result_spec.rb:0.030849999995552935
spec/core/assigns_report.rb/get_all_with_same_report_query_spec.rb:0.4080589999939548
spec/core/campaigns/users/edit_form_spec.rb:0.3459419999999227
spec/core/campaigns/users/parse_import_data_spec.rb:0.11029699999198783
spec/core/campaigns/users/process_import_spec.rb:0.3017939999990631
spec/core/comparator/string_spec.rb:0.5225219999992987
spec/core/hogan/add_reports_spec.rb:0.3060410000034608
spec/core/hogan/start_assessment_spec.rb:0.2993330000026617
spec/core/reports/prepare_data_for_report_spec.rb:1.2102670000022044
spec/core/threesixty/campaigns/remove_user_spec.rb:1.899636999994982
spec/core/threesixty/campaigns/reset_all_nominations_spec.rb:0.27615800000785384
spec/core/threesixty/emails/get_last_email_sent_at_for_user_spec.rb:0.7751470000075642
spec/core/threesixty/emails/is_approve_report_sendable_spec.rb:0.8790429999935441
spec/core/threesixty/emails/is_denied_nomination_sendable_spec.rb:0.7882469999894965
spec/core/threesixty/emails/recipient_by_criteria_spec.rb:1.8539200000086566
spec/core/threesixty/evaluators/create_all_form_spec.rb:0.2646800000075018
spec/core/threesixty/evaluators/create_all_spec.rb:2.170788999996148
spec/core/threesixty/evaluators/create_one_form_spec.rb:1.3366190000087954
spec/core/threesixty/evaluators/nominate_evaluator_spec.rb:1.254016999999294
spec/core/threesixty/nomination_requirements/save_form_spec.rb:0.1692789999942761
spec/core/threesixty/participants/create_form_spec.rb:3.0052510000095936
spec/core/threesixty/participator_by_criteria/by_evaluations_reveived_spec.rb:1.0940530000079889
spec/core/threesixty/participator_by_criteria/by_subject_datasheet_fields_spec.rb:0.7648360000021057
spec/core/threesixty/piped_text/branches/dashboard_fields/link_spec.rb:0.34517800000321586
spec/core/threesixty/piped_text/branches/date_time_fields/report_spec.rb:0.48693400000047404
spec/core/threesixty/piped_text/branches/subject_table/subject_relationship_table_spec.rb:1.1347449999884702
spec/core/threesixty/reports_modules/remap_factor_spec.rb:0.4854650000052061
spec/core/threesixty/subjects/create_all_form_spec.rb:0.5972440000041388
spec/core/threesixty/subjects/create_all_spec.rb:2.0548429999907967
spec/core/user_assessments/pass_spec.rb:0.8953730000066571
spec/core/user_reports/add_spec.rb:0.7102909999957774
spec/core/user_reports/generate_and_save_pdf_spec.rb:0.4753649999911431
spec/core/user_reports/get_user_results_query_spec.rb:2.05952100000286
spec/core/users/create_anonym_spec.rb:0.3986000000004424
spec/core/users_results/default_recoding_values/multiple_choice_spec.rb:0.16463600000133738
spec/core/users_results/expand_answers_by_recoding/pink_group_rank_spec.rb:0.15086699998937547
spec/core/users_results/generate_reports_spec.rb:0.7273429999913787
spec/core/users_results/save_agile_event_spec.rb:0.7372489999979734
spec/features/administration/dimensions/crud_spec.rb:14.829987999997684
spec/features/administration/factors/copy_spec.rb:3.7109830000117654
spec/features/administration/norms/actions_spec.rb:3.5295530000003055
spec/features/administration/norms/crud_spec.rb:11.241498000003048
spec/features/administration/reports/actions_spec.rb:3.782164999996894
spec/features/administration/reports/crud_spec.rb:0.03359700000146404
spec/features/administration/users/crud_spec.rb:0.035141999993356876
spec/features/assigns/remember_assign_language_spec.rb:0.2728169999900274
spec/jobs/bulk_reports/compress_job_spec.rb:0.10667700000340119
spec/jobs/bulk_reports/export_job_spec.rb:0.6802529999986291
spec/jobs/campaign_assessments/recompute_results_job_spec.rb:0.7887989999871934
spec/mailers/two_factor_mailer_spec.rb:0.36154899999382906
spec/models/bulk_report_spec.rb:0.4454529999929946
spec/models/factor_spec.rb:0.13770099999965169
spec/models/innovation_styles_factor_spec.rb:0.4822249999997439
spec/models/media_response_spec.rb:0.5912790000002133
spec/models/privacy_link_spec.rb:0.5226810000021942
spec/models/report_spec.rb:0.4761140000045998
spec/models/user_spec.rb:0.3548740000114776
spec/namespace/queries/assigns/sub_project_level/by_client_and_assessment_spec.rb:2.1792589999968186
spec/namespace/queries/reports/project_level/bulk_report_with_options_spec.rb:0.953190000000177
spec/namespace/queries/reports/sub_project_level/bulk_report_with_options_spec.rb:1.401480000000447
spec/namespace/queries/users/member_subtree_by_client_spec.rb:20.38481300001149
spec/scoring/multiple_choice_spec.rb:0.3925440000020899
spec/scoring/pick_group_rank_spec.rb:0.413591999997152
spec/scoring/text_entry_spec.rb:0.3375079999968875
spec/serializers/api/v1/result_serializer_spec.rb:0.11809800000628456
spec/serializers/results/subject_serializer_spec.rb:0.2038170000014361
spec/serializers/threesixty/subject_serializer_spec.rb:1.059953999996651
spec/commands/administration/norms/create_or_update_norm_spec.rb:0.7493669999967096
spec/commands/reports/build_results_spec.rb:1.21866100000625
spec/controllers/administration/campaigns/assessments_controller_spec.rb:2.2301449999940814
spec/controllers/administration/campaigns/campaign_assessments_controller_spec.rb:0.4731540000066161
spec/controllers/administration/campaigns/reports_controller_spec.rb:1.3219819999940228
spec/controllers/end_user/user_reports_controller_spec.rb:1.8958309999870835
spec/core/assessments/export/midmill_spec.rb:0.026770999989821576
spec/core/assigns/calculate_innovation_styles_spec.rb:1.025619000007282
spec/core/assigns/calculate_occupations_spec.rb:0.9944150000083027
spec/core/campaign_users/remove_spec.rb:2.3492870000045514
spec/core/campaigns/remove_spec.rb:4.344593000001623
spec/core/campaigns/reports/add_spec.rb:1.5387469999986934
spec/core/campaigns/reports/form_spec.rb:0.2422939999960363
spec/core/clients/assessments/update_assessment_spec.rb:2.3465270000015153
spec/core/comparator/number_spec.rb:0.5246210000041174
spec/core/create_api_key_spec.rb:0.3060879999975441
spec/core/datasheets/datasheet_form_spec.rb:0.2972990000125719
spec/core/factors/copy_spec.rb:0.49069399999279995
spec/core/factors/save_form_spec.rb:0.13194199999270495
spec/core/get_project_by_subdomain_spec.rb:0.4722150000015972
spec/core/memberships/create_admin_command_spec.rb:0.46233599999686703
spec/core/relationships/by_campaign_spec.rb:0.28530299999692943
spec/core/threesixty/emails/is_approve_nomination_sendable_spec.rb:0.6537790000002133
spec/core/threesixty/emails/is_manager_report_ready_sendable_spec.rb:0.8602019999962067
spec/core/threesixty/emails/is_subject_report_ready_sendable_spec.rb:0.8273420000041369
spec/core/threesixty/emails/send_single_scheduled_email_spec.rb:3.7733829999924637
spec/core/threesixty/emails/send_spec.rb:1.6026240000064718
spec/core/threesixty/evaluator_participants_by_subject_spec.rb:0.5582870000071125
spec/core/threesixty/evaluators/resolve_evaluator_criteria_spec.rb:1.9481360000063432
spec/core/threesixty/get_managers_query_spec.rb:0.6583550000068499
spec/core/threesixty/nomination_requirements/is_valid_spec.rb:0.6232539999909932
spec/core/threesixty/nomination_requirements/save_all_spec.rb:0.6205590000026859
spec/core/threesixty/participants/calc_counters_spec.rb:0.6001309999992372
spec/core/threesixty/participants/get_completed_evaluations_spec.rb:0.5842529999936232
spec/core/threesixty/participants/get_status_spec.rb:0.7528420000016922
spec/core/threesixty/participator_by_criteria/by_invitation_spec.rb:0.7987129999964964
spec/core/threesixty/participator_by_criteria/by_nomination_requirement_spec.rb:0.9743760000128532
spec/core/threesixty/participator_by_criteria/by_subject_status_spec.rb:0.4003799999918556
spec/core/threesixty/participator_by_criteria/by_user_fields_spec.rb:2.6796610000019427
spec/core/threesixty/piped_text/branches/subject_smart_text_fields/first_person_possessive_spec.rb:0.3793509999959497
spec/core/threesixty/piped_text/branches/subject_smart_text_fields/second_person_possessive_spec.rb:0.4432410000008531
spec/core/threesixty/piped_text/perform_spec.rb:2.724373999997624
spec/core/threesixty/reports/resolve_release_condition_spec.rb:3.0474129999929573
spec/core/threesixty/subjects/get_managers_spec.rb:0.40646499999274965
spec/core/threesixty/subjects/import_one_form_spec.rb:0.7657130000006873
spec/core/users_results/expand_answers_by_recoding/matrix_table_spec.rb:0.30219499999657273
spec/core/users_results/expand_answers_by_recoding/multiple_choice_spec.rb:0.13030499999877065
spec/core/users_results/expand_answers_by_recoding/text_entry_spec.rb:0.13004699999873992
spec/core/users_results/save_agile_data_spec.rb:0.4327919999923324
spec/features/administration/communications/index_spec.rb:46.8834610000049
spec/features/administration/factors/disable_spec.rb:3.7741819999937434
spec/features/administration/users/privileges_spec.rb:3.5895519999903627
spec/jobs/bulk_reports/export_all_job_spec.rb:0.2843189999985043
spec/jobs/campaign_status_updater_job_spec.rb:0.22971499999403022
spec/jobs/reports/bulk_export_job_spec.rb:0.9560040000069421
spec/lib/exports/assessments/assessment_results_export_spec.rb:3.1331890000001295
spec/lib/exports/assessments/threesixty_assessment_results_export_spec.rb:1.874273000008543
spec/lib/exports/reports/report_data_export_spec.rb:0.13179800000216346
spec/lib/imports/user_import_spec.rb:5.19943599999533
spec/lib/ztable_spec.rb:0.2668629999971017
spec/models/api_key_spec.rb:0.349517000009655
spec/models/assign_spec.rb:0.6511549999995623
spec/models/assigns_report_spec.rb:0.2420620000048075
spec/models/communication_email_spec.rb:1.4838619999936782
spec/models/datasheet_row_spec.rb:0.08965599999646656
spec/models/datasheet_spec.rb:0.14971699999296106
spec/models/factors_norm_spec.rb:0.029165999992983416
spec/models/license_usage_spec.rb:0.12790000000677537
spec/namespace/queries/assigns/project_level/by_client_spec.rb:0.6182620000035968
spec/requests/home_spec.rb:0.03134899999713525
spec/serializers/assessment_serializer_spec.rb:0.5831840000028023
spec/validator/csv_file_validator_spec.rb:0.22860200000286568
