// Vitest Snapshot v1, https://vitest.dev/guide/snapshot.html

exports[`should match snapshot 1`] = `
<DocumentFragment>
  <div
    class="ant-flex css-dev-only-do-not-override-ry7cab css-var-root ant-flex-align-stretch ant-flex-vertical"
  >
    <input
      class="ant-input css-dev-only-do-not-override-ry7cab ant-input-outlined user-defined-class css-var-root ant-input-css-var"
      placeholder="Enter as 4d 3h 2m 1s"
      style="z-index: initial;"
      type="text"
      value=""
    />
  </div>
</DocumentFragment>
`;
