// Vitest Snapshot v1, https://vitest.dev/guide/snapshot.html

exports[`should match snapshot 1`] = `
<DocumentFragment>
  <input
    class="ant-input css-dev-only-do-not-override-m4timi ant-input-outlined user-defined-class"
    placeholder="Enter as 4d 3h 2m 1s"
    style="z-index: initial;"
    type="text"
    value=""
  />
</DocumentFragment>
`;
