// Vitest Snapshot v1, https://vitest.dev/guide/snapshot.html

exports[`Assessment builder - MultipleChoice - Property panel > Should match snapshot with Single Answer type 1`] = `
<DocumentFragment>
  <div>
    <div
      class="m-4"
    >
      <span
        class="ant-typography css-dev-only-do-not-override-ry7cab css-var-root"
      >
        <strong>
          Answer type
        </strong>
      </span>
      <div
        class="ant-select ant-select-sm ant-select-outlined w-100 css-var-root ant-select-css-var css-dev-only-do-not-override-ry7cab ant-select-single ant-select-show-arrow"
      >
        <div
          class="ant-select-content ant-select-content-has-value"
          title="Single answer"
        >
          Single answer
          <input
            aria-autocomplete="list"
            aria-expanded="false"
            aria-haspopup="listbox"
            autocomplete="new-password"
            class="ant-select-input"
            id="test-id"
            readonly=""
            role="combobox"
            type="text"
            value=""
          />
        </div>
        <div
          class="ant-select-suffix"
        >
          <span
            aria-label="down"
            class="anticon anticon-down"
            role="img"
          >
            <svg
              aria-hidden="true"
              data-icon="down"
              fill="currentColor"
              focusable="false"
              height="1em"
              viewBox="64 64 896 896"
              width="1em"
            >
              <path
                d="M884 256h-75c-5.1 0-9.9 2.5-12.9 6.6L512 654.2 227.9 262.6c-3-4.1-7.8-6.6-12.9-6.6h-75c-6.5 0-10.3 7.4-6.5 12.7l352.6 486.1c12.8 17.6 39 17.6 51.7 0l352.6-486.1c3.9-5.3.1-12.7-6.4-12.7z"
              />
            </svg>
          </span>
        </div>
      </div>
    </div>
    <div
      class="ant-divider css-dev-only-do-not-override-ry7cab css-var-root ant-divider-horizontal ant-divider-rail mt-4 mb-4"
      role="separator"
    />
    <div
      class="ant-space css-dev-only-do-not-override-ry7cab ant-space-vertical ant-space-gap-row-small ant-space-gap-col-small css-var-root"
    >
      <div
        class="ant-space-item"
      >
        <div
          class="ant-space css-dev-only-do-not-override-ry7cab ant-space-vertical ant-space-gap-row-small ant-space-gap-col-small ms-4 me-4 css-var-root"
        >
          <div
            class="ant-space-item"
          >
            <span
              class="ant-typography css-dev-only-do-not-override-ry7cab css-var-root"
            >
              <strong>
                No. of choices
              </strong>
            </span>
          </div>
          <div
            class="ant-space-item"
          >
            <div
              class="ant-row ant-row-no-wrap ant-row-space-between ant-row-middle css-dev-only-do-not-override-ry7cab css-var-root"
            >
              <div
                class="ant-col css-dev-only-do-not-override-ry7cab css-var-root"
              >
                <button
                  class="ant-btn css-dev-only-do-not-override-ry7cab css-var-root ant-btn-default ant-btn-color-default ant-btn-variant-outlined ant-btn-sm"
                  type="button"
                >
                  <span
                    aria-hidden="true"
                    aria-label=""
                    class="anticon anticon-minus"
                    role="img"
                  >
                    <svg
                      aria-hidden="true"
                      data-icon="minus"
                      fill="currentColor"
                      focusable="false"
                      height="1em"
                      viewBox="64 64 896 896"
                      width="1em"
                    >
                      <path
                        d="M872 474H152c-4.4 0-8 3.6-8 8v60c0 4.4 3.6 8 8 8h720c4.4 0 8-3.6 8-8v-60c0-4.4-3.6-8-8-8z"
                      />
                    </svg>
                  </span>
                </button>
              </div>
              <div
                class="ant-col ant-col-8 css-dev-only-do-not-override-ry7cab css-var-root"
              >
                <input
                  class="ant-input ant-input-sm css-dev-only-do-not-override-ry7cab ant-input-outlined ta-c css-var-root ant-input-css-var"
                  type="text"
                  value="2"
                />
              </div>
              <div
                class="ant-col css-dev-only-do-not-override-ry7cab css-var-root"
              >
                <button
                  class="ant-btn css-dev-only-do-not-override-ry7cab css-var-root ant-btn-default ant-btn-color-default ant-btn-variant-outlined ant-btn-sm"
                  type="button"
                >
                  <span
                    aria-hidden="true"
                    aria-label=""
                    class="anticon anticon-plus"
                    role="img"
                  >
                    <svg
                      aria-hidden="true"
                      data-icon="plus"
                      fill="currentColor"
                      focusable="false"
                      height="1em"
                      viewBox="64 64 896 896"
                      width="1em"
                    >
                      <path
                        d="M482 152h60q8 0 8 8v704q0 8-8 8h-60q-8 0-8-8V160q0-8 8-8z"
                      />
                      <path
                        d="M192 474h672q8 0 8 8v60q0 8-8 8H160q-8 0-8-8v-60q0-8 8-8z"
                      />
                    </svg>
                  </span>
                </button>
              </div>
            </div>
          </div>
        </div>
      </div>
      <div
        class="ant-space-item"
      >
        <div
          class="ant-space css-dev-only-do-not-override-ry7cab ant-space-horizontal ant-space-align-center ant-space-gap-row-small ant-space-gap-col-small ms-4 me-4 css-var-root"
        >
          <div
            class="ant-space-item"
          >
            <button
              class="ant-btn css-dev-only-do-not-override-ry7cab css-var-root ant-btn-primary ant-btn-color-primary ant-btn-variant-solid"
              type="button"
            >
              <span
                aria-hidden="true"
                aria-label=""
                class="anticon anticon-unordered-list"
                role="img"
              >
                <svg
                  aria-hidden="true"
                  data-icon="unordered-list"
                  fill="currentColor"
                  focusable="false"
                  height="1em"
                  viewBox="64 64 896 896"
                  width="1em"
                >
                  <path
                    d="M912 192H328c-4.4 0-8 3.6-8 8v56c0 4.4 3.6 8 8 8h584c4.4 0 8-3.6 8-8v-56c0-4.4-3.6-8-8-8zm0 284H328c-4.4 0-8 3.6-8 8v56c0 4.4 3.6 8 8 8h584c4.4 0 8-3.6 8-8v-56c0-4.4-3.6-8-8-8zm0 284H328c-4.4 0-8 3.6-8 8v56c0 4.4 3.6 8 8 8h584c4.4 0 8-3.6 8-8v-56c0-4.4-3.6-8-8-8zM104 228a56 56 0 10112 0 56 56 0 10-112 0zm0 284a56 56 0 10112 0 56 56 0 10-112 0zm0 284a56 56 0 10112 0 56 56 0 10-112 0z"
                  />
                </svg>
              </span>
              <span>
                 Multiline edit
              </span>
            </button>
          </div>
        </div>
      </div>
      <div
        class="ant-space-item"
      >
        <label
          class="ant-checkbox-wrapper ms-4 me-4 css-var-root ant-checkbox-css-var css-dev-only-do-not-override-ry7cab"
        >
          <span
            class="ant-checkbox ant-wave-target css-dev-only-do-not-override-ry7cab"
          >
            <input
              class="ant-checkbox-input"
              type="checkbox"
              value=""
            />
          </span>
          <span
            class="ant-checkbox-label"
          >
            Add N/A option
          </span>
        </label>
      </div>
      <div
        class="ant-space-item"
      >
        <div
          class="ms-4 me-4"
        >
          <span
            class="ant-typography css-dev-only-do-not-override-ry7cab css-var-root"
          >
            <strong>
              Orientation
            </strong>
          </span>
          <div
            class="ant-radio-group ant-radio-group-outline mt-2 css-dev-only-do-not-override-ry7cab css-var-root ant-radio-css-var"
            role="radiogroup"
          >
            <label
              class="ant-radio-wrapper ant-radio-wrapper-checked css-dev-only-do-not-override-ry7cab css-var-root ant-radio-css-var"
            >
              <span
                class="ant-radio ant-wave-target ant-radio-checked"
              >
                <input
                  checked=""
                  class="ant-radio-input"
                  name="test-id"
                  type="radio"
                  value="Vertical"
                />
              </span>
              <span
                class="ant-radio-label"
              >
                Vertical
              </span>
            </label>
            <label
              class="ant-radio-wrapper css-dev-only-do-not-override-ry7cab css-var-root ant-radio-css-var"
            >
              <span
                class="ant-radio ant-wave-target"
              >
                <input
                  class="ant-radio-input"
                  name="test-id"
                  type="radio"
                  value="Horizontal"
                />
              </span>
              <span
                class="ant-radio-label"
              >
                Horizontal
              </span>
            </label>
          </div>
        </div>
      </div>
    </div>
    <div
      class="ant-divider css-dev-only-do-not-override-ry7cab css-var-root ant-divider-horizontal ant-divider-rail mt-4 mb-4"
      role="separator"
    />
    <div
      class="ms-4 me-4"
    >
      <label
        class="ant-checkbox-wrapper css-var-root ant-checkbox-css-var css-dev-only-do-not-override-ry7cab"
      >
        <span
          class="ant-checkbox ant-wave-target css-dev-only-do-not-override-ry7cab"
        >
          <input
            class="ant-checkbox-input"
            type="checkbox"
            value=""
          />
        </span>
        <span
          class="ant-checkbox-label"
        >
          With images
        </span>
      </label>
    </div>
    <div
      class="ant-divider css-dev-only-do-not-override-ry7cab css-var-root ant-divider-horizontal ant-divider-rail mt-4 mb-4"
      role="separator"
    />
    <section
      class="ms-4 me-4 mb-4"
    >
      <label
        class="ant-checkbox-wrapper mt-2 css-var-root ant-checkbox-css-var css-dev-only-do-not-override-ry7cab"
      >
        <span
          class="ant-checkbox ant-wave-target css-dev-only-do-not-override-ry7cab"
        >
          <input
            class="ant-checkbox-input"
            type="checkbox"
            value=""
          />
        </span>
        <span
          class="ant-checkbox-label"
        >
          Validation response type
        </span>
      </label>
    </section>
    <section
      class="ms-4 me-4 mb-4"
    >
      <span
        class="ant-typography css-dev-only-do-not-override-ry7cab css-var-root"
      >
        <strong>
          Validation type
        </strong>
      </span>
      <div
        class="ant-radio-group ant-radio-group-outline mt-2 css-dev-only-do-not-override-ry7cab css-var-root ant-radio-css-var"
        role="radiogroup"
      >
        <label
          class="ant-radio-wrapper css-dev-only-do-not-override-ry7cab css-var-root ant-radio-css-var"
        >
          <span
            class="ant-radio ant-wave-target"
          >
            <input
              class="ant-radio-input"
              name="test-id"
              type="radio"
              value="None"
            />
          </span>
          <span
            class="ant-radio-label"
          >
            None
          </span>
        </label>
        <label
          class="ant-radio-wrapper css-dev-only-do-not-override-ry7cab css-var-root ant-radio-css-var"
        >
          <span
            class="ant-radio ant-wave-target"
          >
            <input
              class="ant-radio-input"
              name="test-id"
              type="radio"
              value="Custom"
            />
          </span>
          <span
            class="ant-radio-label"
          >
            <div
              class="ant-space css-dev-only-do-not-override-ry7cab ant-space-horizontal ant-space-align-center ant-space-gap-row-small ant-space-gap-col-small css-var-root"
            >
              <div
                class="ant-space-item"
              >
                Custom
              </div>
            </div>
          </span>
        </label>
      </div>
    </section>
  </div>
</DocumentFragment>
`;
